
[22:21:15] === Post-Pipeline Check Started ===
[22:21:15] Fetching pipelined venues with zero contacts...
[22:21:23] 
[22:21:23] === Bandwidth Entertainment (NY-AGEN-311) | West Harrison, NY | Contacts: 0 ===
[22:21:23]   Website: https://bandwidthent.com
[22:21:24]   Found emails on https://bandwidthent.com:
[22:21:24]     info@bandwidthent.com
[22:21:24]     kaufman.spencer@gmail.com
[22:21:24]   Contact form found: https://bandwidthent.com
[22:21:25]   Found emails on https://bandwidthent.com/contact:
[22:21:25]     info@bandwidthent.com
[22:21:26]   Found emails on https://bandwidthent.com/contact-us:
[22:21:26]     info@bandwidthent.com
[22:21:27]   Found emails on https://bandwidthent.com/about:
[22:21:27]     info@bandwidthent.com
[22:21:27]   Found emails on https://bandwidthent.com/events:
[22:21:27]     info@bandwidthent.com
[22:21:28]   Found emails on https://bandwidthent.com/private-events:
[22:21:28]     info@bandwidthent.com
[22:21:28]   Found emails on https://bandwidthent.com/event-contact:
[22:21:28]     info@bandwidthent.com
[22:21:31]   Saved contact form to sheet
[22:21:33]   Added contact: info@bandwidthent.com
[22:21:36]   Added contact: kaufman.spencer@gmail.com
[22:21:39]   Found & saved IG: https://www.instagram.com/bandwidthentertainment/
[22:21:42] 
[22:21:42] === Princeton Music Connection (NJ-AGEN-326) | Princeton, NJ | Contacts: 0 ===
[22:21:42]   Website: https://www.princetonmusic.com
[22:21:42]   Found emails on https://www.princetonmusic.com:
[22:21:42]     info@princetonmusic.com
[22:22:01]   Found emails on https://www.princetonmusic.com/contact-us:
[22:22:01]     info@princetonmusic.com
[22:22:01]   Contact form found: https://www.princetonmusic.com/contact-us
[22:22:24]   Found emails on https://www.princetonmusic.com/private-events:
[22:22:24]     info@princetonmusic.com
[22:22:33]   Found emails on https://www.princetonmusic.com/event-contact:
[22:22:33]     info@princetonmusic.com
[22:22:35]   Saved contact form to sheet
[22:22:37]   Added contact: info@princetonmusic.com
[22:22:40]   Found & saved IG: https://www.instagram.com/wendyzoffer/
[22:22:42] 
[22:22:42] === Gustave Le Jardin (VA-REST-841) | Alexandria, VA | Contacts: 0 ===
[22:22:42]   Website: https://gustaveboulangerie.com
[22:22:43]   Found emails on https://gustaveboulangerie.com:
[22:22:43]     anapbm@gmail.com
[22:22:43]     team@latofonts.com
[22:22:43]   Contact form found: https://gustaveboulangerie.com
[22:22:43]   Found emails on https://gustaveboulangerie.com/contact:
[22:22:43]     anapbm@gmail.com
[22:22:43]     team@latofonts.com
[22:22:43]   Found emails on https://gustaveboulangerie.com/contact-us:
[22:22:43]     anapbm@gmail.com
[22:22:43]     team@latofonts.com
[22:22:43]   Found emails on https://gustaveboulangerie.com/about:
[22:22:43]     anapbm@gmail.com
[22:22:43]     team@latofonts.com
[22:22:43]   Found emails on https://gustaveboulangerie.com/events:
[22:22:43]     anapbm@gmail.com
[22:22:43]     team@latofonts.com
[22:22:44]   Found emails on https://gustaveboulangerie.com/private-events:
[22:22:44]     anapbm@gmail.com
[22:22:44]     team@latofonts.com
[22:22:44]   Found emails on https://gustaveboulangerie.com/event-contact:
[22:22:44]     anapbm@gmail.com
[22:22:44]     team@latofonts.com
[22:22:47]   Added contact: anapbm@gmail.com
[22:22:49]   Added contact: team@latofonts.com
[22:22:52] 
[22:22:52] === Bistro L'Hermitage (VA-REST-852) | Middleburg, VA | Contacts: 0 ===
[22:22:52]   Website: https://bistrolhermitage.com
[22:22:57]   Contact form found: https://bistrolhermitage.com
[22:23:19]   Saved contact form to sheet
[22:23:19] 
[22:23:19] === Post-Pipeline Check Complete ===

[02:17:58] === Post-Pipeline Check Started ===
[02:17:58] Fetching pipelined venues with zero contacts...
[02:18:05] 
[02:18:05] === Maurizio's (MD-REST-876) | Potomac, MD | Contacts: 0 ===
[02:18:05]   Website: https://www.mauriziositalian.com
[02:18:05]   Found emails on https://www.mauriziositalian.com:
[02:18:05]     user@domain.com
[02:18:05]   Contact form found: https://www.mauriziositalian.com
[02:18:05]   Found emails on https://www.mauriziositalian.com/contact:
[02:18:05]     info@mauriziositalian.com
[02:18:05]     molly@mhco.studio
[02:18:05]     user@domain.com
[02:18:06]   Found emails on https://www.mauriziositalian.com/contact-us:
[02:18:06]     user@domain.com
[02:18:06]   Found emails on https://www.mauriziositalian.com/about:
[02:18:06]     user@domain.com
[02:18:06]   Found emails on https://www.mauriziositalian.com/events:
[02:18:06]     user@domain.com
[02:18:07]   Found emails on https://www.mauriziositalian.com/private-events:
[02:18:07]     user@domain.com
[02:18:07]   Found emails on https://www.mauriziositalian.com/event-contact:
[02:18:07]     user@domain.com
[02:18:10]   Saved contact form to sheet
[02:18:13]   Added contact: info@mauriziositalian.com
[02:18:17]   Added contact: molly@mhco.studio
[02:18:20]   Added contact: user@domain.com
[02:18:20]   [Apollo] Searching by domain: mauriziositalian.com
[02:18:20]   [Apollo] No results by domain — searching by name: Maurizio's
[02:18:20]   [Apollo] Found 0 people
[02:18:20]   Searching LinkedIn for: Maurizio's
[02:18:26]   [LinkedIn] No results
[02:18:26] 
[02:18:26] === Post-Pipeline Check Complete ===

[01:04:03] === Post-Pipeline Check Started ===
[01:04:03] Fetching pipelined venues with zero contacts...
[01:04:07] 
[01:04:07] === Post-Pipeline Check Complete ===

[01:43:15] === Post-Pipeline Check Started ===
[01:43:15] Fetching pipelined venues with zero contacts...
[01:43:23] 
[01:43:23] === Ruta Ukrainian Restaurant (DC-REST-1050) | Dupont Circle, DC | Contacts: 0 ===
[01:43:23]   Website: https://www.rutadc.us
[01:43:24]   Found emails on https://www.rutadc.us:
[01:43:24]     605a7baede844d278b89dc95ae0a9123@sentry-next.wixpress.com
[01:43:24]     88170cb0c9d64f94b5821ca7fd2d55a4@sentry-next.wixpress.com
[01:43:24]     8eb368c655b84e029ed79ad7a5c1718e@sentry.wixpress.com
[01:43:24]     9a65e97ebe8141fca0c4fd686f70996b@sentry.wixpress.com
[01:43:24]     c183baa23371454f99f417f6616b724d@sentry.wixpress.com
[01:43:24]     dd0a55ccb8124b9c9d938e3acf41f8aa@sentry.wixpress.com
[01:43:24]     e0b4d631da7b4200828051f7f9c783e3@sentry-next.wixpress.com
[01:43:24]     info@rutadc.us
[01:43:24]   Contact form found: https://www.rutadc.us
[01:43:27]   Found emails on https://www.rutadc.us/events:
[01:43:27]     605a7baede844d278b89dc95ae0a9123@sentry-next.wixpress.com
[01:43:27]     88170cb0c9d64f94b5821ca7fd2d55a4@sentry-next.wixpress.com
[01:43:27]     8eb368c655b84e029ed79ad7a5c1718e@sentry.wixpress.com
[01:43:27]     9a65e97ebe8141fca0c4fd686f70996b@sentry.wixpress.com
[01:43:27]     c183baa23371454f99f417f6616b724d@sentry.wixpress.com
[01:43:27]     dd0a55ccb8124b9c9d938e3acf41f8aa@sentry.wixpress.com
[01:43:27]     e0b4d631da7b4200828051f7f9c783e3@sentry-next.wixpress.com
[01:43:27]     info@rutadc.us
[01:43:30]   Saved contact form to sheet
[01:43:34]   Added contact: 605a7baede844d278b89dc95ae0a9123@sentry-next.wixpress.com
[01:43:36]   Added contact: 88170cb0c9d64f94b5821ca7fd2d55a4@sentry-next.wixpress.com
[01:43:39]   Added contact: 8eb368c655b84e029ed79ad7a5c1718e@sentry.wixpress.com
[01:43:42]   Added contact: 9a65e97ebe8141fca0c4fd686f70996b@sentry.wixpress.com
[01:43:45]   Added contact: c183baa23371454f99f417f6616b724d@sentry.wixpress.com
[01:43:48]   Added contact: dd0a55ccb8124b9c9d938e3acf41f8aa@sentry.wixpress.com
[01:43:51]   Added contact: e0b4d631da7b4200828051f7f9c783e3@sentry-next.wixpress.com
[01:43:54]   Added contact: info@rutadc.us
[01:43:55]   [Apollo] Searching by domain: rutadc.us
[01:43:55]   [Apollo] No results by domain — searching by name: Ruta Ukrainian Restaurant
[01:43:55]   [Apollo] Found 0 people
[01:43:55]   Searching LinkedIn for: Ruta Ukrainian Restaurant
[01:44:00]   [LinkedIn] No results
[01:44:00] 
[01:44:00] === Post-Pipeline Check Complete ===

[23:42:22] === Post-Pipeline Check Started ===
[23:42:22] Fetching pipelined venues with zero contacts...
[23:42:30] 
[23:42:30] === Gregorio's Trattoria (MD-REST-1073) | Potomac, MD | Contacts: 0 ===
[23:42:30]   Website: https://www.captaingregorys.com
[23:42:31]   Found emails on https://www.captaingregorys.com:
[23:42:31]     info@captaingregorys.com
[23:42:31]     user@domain.com
[23:42:31]   Contact form found: https://www.captaingregorys.com
[23:42:31]   Found emails on https://www.captaingregorys.com/contact:
[23:42:31]     info@captaingregorys.com
[23:42:31]     user@domain.com
[23:42:32]   Found emails on https://www.captaingregorys.com/contact-us:
[23:42:32]     info@captaingregorys.com
[23:42:32]     user@domain.com
[23:42:32]   Found emails on https://www.captaingregorys.com/about:
[23:42:32]     info@captaingregorys.com
[23:42:32]     user@domain.com
[23:42:32]   Found emails on https://www.captaingregorys.com/events:
[23:42:32]     info@captaingregorys.com
[23:42:32]     user@domain.com
[23:42:33]   Found emails on https://www.captaingregorys.com/private-events:
[23:42:33]     info@captaingregorys.com
[23:42:33]     user@domain.com
[23:42:33]   Found emails on https://www.captaingregorys.com/event-contact:
[23:42:33]     info@captaingregorys.com
[23:42:33]     user@domain.com
[23:42:35]   Saved contact form to sheet
[23:42:38]   Added contact: info@captaingregorys.com
[23:42:41]   Added contact: user@domain.com
[23:42:41]   [Apollo] Searching by domain: captaingregorys.com
[23:42:41]   [Apollo] No results by domain — searching by name: Gregorio's Trattoria
[23:42:42]   [Apollo] Found 0 people
[23:42:42]   Searching LinkedIn for: Gregorio's Trattoria
[23:42:47]   [LinkedIn] No results
[23:42:51] 
[23:42:51] === Ruta Ukrainian Restaurant (MD-REST-1082) | Bethesda, MD | Contacts: 0 ===
[23:42:51]   Website: https://www.rutadc.us
[23:42:51]   Found emails on https://www.rutadc.us:
[23:42:51]     605a7baede844d278b89dc95ae0a9123@sentry-next.wixpress.com
[23:42:51]     88170cb0c9d64f94b5821ca7fd2d55a4@sentry-next.wixpress.com
[23:42:51]     8eb368c655b84e029ed79ad7a5c1718e@sentry.wixpress.com
[23:42:51]     9a65e97ebe8141fca0c4fd686f70996b@sentry.wixpress.com
[23:42:51]     c183baa23371454f99f417f6616b724d@sentry.wixpress.com
[23:42:51]     dd0a55ccb8124b9c9d938e3acf41f8aa@sentry.wixpress.com
[23:42:51]     e0b4d631da7b4200828051f7f9c783e3@sentry-next.wixpress.com
[23:42:51]     info@rutadc.us
[23:42:51]   Contact form found: https://www.rutadc.us
[23:42:52]   Found emails on https://www.rutadc.us/events:
[23:42:52]     605a7baede844d278b89dc95ae0a9123@sentry-next.wixpress.com
[23:42:52]     88170cb0c9d64f94b5821ca7fd2d55a4@sentry-next.wixpress.com
[23:42:52]     8eb368c655b84e029ed79ad7a5c1718e@sentry.wixpress.com
[23:42:52]     9a65e97ebe8141fca0c4fd686f70996b@sentry.wixpress.com
[23:42:52]     c183baa23371454f99f417f6616b724d@sentry.wixpress.com
[23:42:52]     dd0a55ccb8124b9c9d938e3acf41f8aa@sentry.wixpress.com
[23:42:52]     e0b4d631da7b4200828051f7f9c783e3@sentry-next.wixpress.com
[23:42:52]     info@rutadc.us
[23:42:56]   Saved contact form to sheet
[23:42:59]   Added contact: 605a7baede844d278b89dc95ae0a9123@sentry-next.wixpress.com
[23:43:01]   Added contact: 88170cb0c9d64f94b5821ca7fd2d55a4@sentry-next.wixpress.com
[23:43:04]   Added contact: 8eb368c655b84e029ed79ad7a5c1718e@sentry.wixpress.com
[23:43:07]   Added contact: 9a65e97ebe8141fca0c4fd686f70996b@sentry.wixpress.com
[23:43:10]   Added contact: c183baa23371454f99f417f6616b724d@sentry.wixpress.com
[23:43:13]   Added contact: dd0a55ccb8124b9c9d938e3acf41f8aa@sentry.wixpress.com
[23:43:16]   Added contact: e0b4d631da7b4200828051f7f9c783e3@sentry-next.wixpress.com
[23:43:19]   Added contact: info@rutadc.us
[23:43:19]   [Apollo] Searching by domain: rutadc.us
[23:43:20]   [Apollo] No results by domain — searching by name: Ruta Ukrainian Restaurant
[23:43:20]   [Apollo] Found 0 people
[23:43:20]   Searching LinkedIn for: Ruta Ukrainian Restaurant
[23:43:25]   [LinkedIn] No results
[23:43:25] 
[23:43:25] === Post-Pipeline Check Complete ===

[01:32:44] === Post-Pipeline Check Started ===
[01:32:44] Fetching pipelined venues with zero contacts...
[01:32:50] 
[01:32:50] === Tilghman Island Inn (MD-HOTE-456) | Tilghman Island, MD | Contacts: 0 ===
[01:32:50]   Website: https://www.visitmaryland.org
[01:32:51]   Contact form found: https://www.visitmaryland.org/private-events
[01:32:52]   [Apollo] Searching by domain: visitmaryland.org
[01:32:52]   [Apollo] No results by domain — searching by name: Tilghman Island Inn
[01:32:52]   [Apollo] Found 0 people
[01:32:52]   Searching LinkedIn for: Tilghman Island Inn
[01:32:57]   [LinkedIn] No results
[01:33:00] 
[01:33:00] === LiLLiES Italian (DC-REST-1823) | Washington, DC | Contacts: 0 ===
[01:33:00]   Website: https://www.lilliesrestaurant.com
[01:33:01]   Found emails on https://www.lilliesrestaurant.com:
[01:33:01]     info@LiLLiESRestaurant.com
[01:33:01]     info@lilliesrestaurant.com
[01:33:01]     user@domain.com
[01:33:01]   Contact form found: https://www.lilliesrestaurant.com
[01:33:01]   Found emails on https://www.lilliesrestaurant.com/contact:
[01:33:01]     info@LiLLiESRestaurant.com
[01:33:01]     info@lilliesrestaurant.com
[01:33:01]     user@domain.com
[01:33:02]   Found emails on https://www.lilliesrestaurant.com/contact-us:
[01:33:02]     info@LiLLiESRestaurant.com
[01:33:02]     info@lilliesrestaurant.com
[01:33:02]     user@domain.com
[01:33:02]   Found emails on https://www.lilliesrestaurant.com/about:
[01:33:02]     info@LiLLiESRestaurant.com
[01:33:02]     info@lilliesrestaurant.com
[01:33:02]     user@domain.com
[01:33:03]   Found emails on https://www.lilliesrestaurant.com/events:
[01:33:03]     info@LiLLiESRestaurant.com
[01:33:03]     info@lilliesrestaurant.com
[01:33:03]     user@domain.com
[01:33:03]   Found emails on https://www.lilliesrestaurant.com/private-events:
[01:33:03]     info@LiLLiESRestaurant.com
[01:33:03]     info@lilliesrestaurant.com
[01:33:03]     user@domain.com
[01:33:03]   Found emails on https://www.lilliesrestaurant.com/event-contact:
[01:33:03]     info@LiLLiESRestaurant.com
[01:33:03]     info@lilliesrestaurant.com
[01:33:03]     user@domain.com
[01:33:06]   Added contact: info@lilliesrestaurant.com
[01:33:07]   Added contact: info@LiLLiESRestaurant.com
[01:33:10]   Added contact: user@domain.com
[01:33:10]   [Apollo] Searching by domain: lilliesrestaurant.com
[01:33:10]   [Apollo] No results by domain — searching by name: LiLLiES Italian
[01:33:10]   [Apollo] Found 0 people
[01:33:10]   Searching LinkedIn for: LiLLiES Italian
[01:33:16]   [LinkedIn] No results
[01:33:19] 
[01:33:19] === Portabellos of Kennett Square (PA-REST-1840) | Kennett Square, PA | Contacts: 0 ===
[01:33:19]   Website: https://www.portabellosofkennettsquare.com
[01:33:19]   Found emails on https://www.portabellosofkennettsquare.com:
[01:33:19]     user@domain.com
[01:33:19]   Contact form found: https://www.portabellosofkennettsquare.com
[01:33:20]   Found emails on https://www.portabellosofkennettsquare.com/contact:
[01:33:20]     user@domain.com
[01:33:20]   Found emails on https://www.portabellosofkennettsquare.com/contact-us:
[01:33:20]     user@domain.com
[01:33:21]   Found emails on https://www.portabellosofkennettsquare.com/about:
[01:33:21]     user@domain.com
[01:33:21]   Found emails on https://www.portabellosofkennettsquare.com/events:
[01:33:21]     user@domain.com
[01:33:22]   Found emails on https://www.portabellosofkennettsquare.com/private-events:
[01:33:22]     user@domain.com
[01:33:22]   Found emails on https://www.portabellosofkennettsquare.com/event-contact:
[01:33:22]     user@domain.com
[01:33:24]   Saved contact form to sheet
[01:33:27]   Added contact: user@domain.com
[01:33:27]   [Apollo] Searching by domain: portabellosofkennettsquare.com
[01:33:27]   [Apollo] No results by domain — searching by name: Portabellos of Kennett Square
[01:33:27]   [Apollo] Found 0 people
[01:33:27]   Searching LinkedIn for: Portabellos of Kennett Square
[01:33:33]   [LinkedIn] No results
[01:33:35] 
[01:33:35] === Brandywine Prime (PA-REST-1849) | Chadds Ford, PA | Contacts: 0 ===
[01:33:35]   Website: https://3.8K+
[01:33:35]   [Apollo] Searching by domain: 3.8k+
[01:33:36]   [Apollo] No results by domain — searching by name: Brandywine Prime
[01:33:36]   [Apollo] Found 0 people
[01:33:36]   Searching LinkedIn for: Brandywine Prime
[01:33:41]   [LinkedIn] No results
[01:33:41]   Nothing found on website
[01:33:41] 
[01:33:41] === Post-Pipeline Check Complete ===

[01:37:45] === Post-Pipeline Check Started ===
[01:37:45] Fetching pipelined venues with zero contacts...
[01:37:53] 
[01:37:53] === Tilghman Island Inn (MD-HOTE-456) | Tilghman Island, MD | Contacts: 0 ===
[01:37:53]   Website: https://www.visitmaryland.org
[01:37:54]   Contact form found: https://www.visitmaryland.org/private-events
[01:37:54]   [Apollo] Searching by domain: visitmaryland.org
[01:37:54]   [Apollo] No results by domain — searching by name: Tilghman Island Inn
[01:37:55]   [Apollo] Found 0 people
[01:37:55]   Searching LinkedIn for: Tilghman Island Inn
[01:38:00]   [LinkedIn] No results
[01:38:03] 
[01:38:03] === Yayla Bistro (VA-REST-1172) | McLean, VA | Contacts: 0 ===
[01:38:03]   Website: https://yaylabistro.com
[01:38:04]   Contact form found: https://yaylabistro.com/private-events
[01:38:07]   Saved contact form to sheet
[01:38:08]   [Apollo] Searching by domain: yaylabistro.com
[01:38:08]   [Apollo] No results by domain — searching by name: Yayla Bistro
[01:38:08]   [Apollo] Found 0 people
[01:38:08]   Searching LinkedIn for: Yayla Bistro
[01:38:13]   [LinkedIn] No results
[01:38:16] 
[01:38:16] === Nova Europa Restaurant (VA-REST-1181) | McLean, VA | Contacts: 0 ===
[01:38:16]   Website: https://www.novaeuroparestaurant.com
[01:38:17]   Found emails on https://www.novaeuroparestaurant.com:
[01:38:17]     info@novaeuroparestaurant.com
[01:38:17]     user@domain.com
[01:38:17]   Contact form found: https://www.novaeuroparestaurant.com
[01:38:17]   Found emails on https://www.novaeuroparestaurant.com/contact:
[01:38:17]     info@novaeuroparestaurant.com
[01:38:17]     user@domain.com
[01:38:17]   Found emails on https://www.novaeuroparestaurant.com/contact-us:
[01:38:17]     info@novaeuroparestaurant.com
[01:38:17]     user@domain.com
[01:38:18]   Found emails on https://www.novaeuroparestaurant.com/about:
[01:38:18]     info@novaeuroparestaurant.com
[01:38:18]     user@domain.com
[01:38:18]   Found emails on https://www.novaeuroparestaurant.com/events:
[01:38:18]     info@novaeuroparestaurant.com
[01:38:18]     user@domain.com
[01:38:19]   Found emails on https://www.novaeuroparestaurant.com/private-events:
[01:38:19]     info@novaeuroparestaurant.com
[01:38:19]     user@domain.com
[01:38:19]   Found emails on https://www.novaeuroparestaurant.com/event-contact:
[01:38:19]     info@novaeuroparestaurant.com
[01:38:19]     user@domain.com
[01:38:21]   Saved contact form to sheet
[01:38:24]   Added contact: info@novaeuroparestaurant.com
[01:38:27]   Added contact: user@domain.com
[01:38:27]   [Apollo] Searching by domain: novaeuroparestaurant.com
[01:38:28]   [Apollo] No results by domain — searching by name: Nova Europa Restaurant
[01:38:28]   [Apollo] Found 0 people
[01:38:28]   Searching LinkedIn for: Nova Europa Restaurant
[01:38:33]   [LinkedIn] No results
[01:38:36] 
[01:38:36] === The Right Slice (MD-REST-1229) | Annapolis, MD | Contacts: 0 ===
[01:38:36]   Website: https://therightslicemd.com
[01:38:39]   Contact form found: https://therightslicemd.com/private-events
[01:38:42]   Saved contact form to sheet
[01:38:42]   [Apollo] Searching by domain: therightslicemd.com
[01:38:42]   [Apollo] No results by domain — searching by name: The Right Slice
[01:38:42]   [Apollo] Found 0 people
[01:38:42]   Searching LinkedIn for: The Right Slice
[01:38:48]   [LinkedIn] No results
[01:38:50] 
[01:38:50] === Galway Bay Irish Restaurant and Pub (MD-REST-1231) | Annapolis, MD | Contacts: 0 ===
[01:38:50]   Website: https://9.6K+
[01:38:50]   [Apollo] Searching by domain: 9.6k+
[01:38:50]   [Apollo] No results by domain — searching by name: Galway Bay Irish Restaurant and Pub
[01:38:51]   [Apollo] Found 0 people
[01:38:51]   Searching LinkedIn for: Galway Bay Irish Restaurant and Pub
[01:38:56]   [LinkedIn] No results
[01:38:56]   Nothing found on website
[01:38:59] 
[01:38:59] === Brandywine Prime (PA-REST-1849) | Chadds Ford, PA | Contacts: 0 ===
[01:38:59]   Website: https://3.8K+
[01:38:59]   [Apollo] Searching by domain: 3.8k+
[01:39:00]   [Apollo] No results by domain — searching by name: Brandywine Prime
[01:39:00]   [Apollo] Found 0 people
[01:39:00]   Searching LinkedIn for: Brandywine Prime
[01:39:05]   [LinkedIn] No results
[01:39:05]   Nothing found on website
[01:39:05] 
[01:39:05] === Post-Pipeline Check Complete ===
